// Jest Snapshot v1, https://goo.gl/fbAQLP

exports[`HomeScreen should load with props 1`] = `
<View
  style={
    Array [
      Object {
        "backgroundColor": "#b2e1f4",
        "flex": 1,
        "justifyContent": "center",
      },
      Object {
        "flexDirection": "row",
        "justifyContent": "center",
        "padding": 10,
      },
    ]
  }
>
  <ActivityIndicator
    animating={true}
    color="#07407b"
    hidesWhenStopped={true}
    size="large"
  />
</View>
`;
