// Jest Snapshot v1, https://goo.gl/fbAQLP

exports[`renders correctly 1`] = `
<View
  style={
    Object {
      "backgroundColor": "lightyellow",
      "flexDirection": "row",
      "justifyContent": "space-between",
      "padding": 10,
    }
  }
>
  <View
    style={
      Object {
        "flexDirection": "column",
      }
    }
  >
    <Text
      style={
        Object {
          "fontSize": 12,
        }
      }
    >
      High: 
      46.61
      °F Low: 
      28.48
      °F
    </Text>
    <Text
      style={
        Object {
          "fontSize": 64,
        }
      }
    >
      45.03
      °F
    </Text>
  </View>
  <View>
    <Image
      source={1}
      style={
        Object {
          "height": 100,
          "padding": 15,
          "width": 100,
        }
      }
    />
  </View>
</View>
`;
