// Jest Snapshot v1, https://goo.gl/fbAQLP

exports[`renders correctly 1`] = `
<View
  style={
    Object {
      "backgroundColor": "#FFBD58",
      "padding": 10,
    }
  }
>
  <Text
    style={
      Object {
        "fontSize": 24,
        "textAlign": "center",
      }
    }
  >
    Welcome, 
    undefined undefined
    !
  </Text>
  <Text
    style={
      Object {
        "fontSize": 16,
        "textAlign": "center",
      }
    }
  >
    Today's date is 
    2020/04/15
  </Text>
</View>
`;
