// Jest Snapshot v1, https://goo.gl/fbAQLP

exports[`renders correctly 1`] = `
<View
  style={
    Object {
      "backgroundColor": "#fff",
      "borderColor": "#07407b",
      "borderRadius": 25,
      "borderWidth": 2,
      "margin": 10,
      "padding": 20,
      "width": "85%",
    }
  }
>
  <Text
    style={
      Object {
        "fontSize": 25,
        "marginBottom": 10,
        "textAlign": "center",
        "textDecorationLine": "underline",
      }
    }
  >
    Hiking
  </Text>
  <View
    style={
      Object {
        "flexDirection": "row",
        "margin": 2,
      }
    }
  >
    <Text
      style={
        Object {
          "fontSize": 16,
          "fontWeight": "bold",
        }
      }
    >
      Scheduled on: 
    </Text>
    <Text
      style={
        Object {
          "fontSize": 16,
        }
      }
    >
      2020-04-06
    </Text>
  </View>
  <View
    style={
      Object {
        "flexDirection": "row",
        "margin": 2,
      }
    }
  >
    <Text
      style={
        Object {
          "fontSize": 16,
          "fontWeight": "bold",
        }
      }
    >
      Hiking
       at/in: 
    </Text>
    <Text
      style={
        Object {
          "fontSize": 16,
        }
      }
    >
      Denver, CO
    </Text>
  </View>
  <View
    style={
      Object {
        "flexDirection": "row",
        "margin": 2,
      }
    }
  >
    <Text
      style={
        Object {
          "fontSize": 16,
          "fontWeight": "bold",
        }
      }
    >
      Forecast: 
    </Text>
    <Text
      style={
        Object {
          "fontSize": 16,
        }
      }
    >
      Overcast
    </Text>
  </View>
  <View
    style={
      Object {
        "marginTop": 15,
      }
    }
  >
    <View
      accessibilityRole="button"
      accessibilityStates={Array []}
      accessible={true}
      focusable={true}
      isTVSelectable={true}
      onClick={[Function]}
      onResponderGrant={[Function]}
      onResponderMove={[Function]}
      onResponderRelease={[Function]}
      onResponderTerminate={[Function]}
      onResponderTerminationRequest={[Function]}
      onStartShouldSetResponder={[Function]}
      style={
        Object {
          "opacity": 1,
        }
      }
    >
      <View
        style={
          Array [
            Object {},
          ]
        }
      >
        <Text
          style={
            Array [
              Object {
                "color": "#007AFF",
                "fontSize": 18,
                "padding": 8,
                "textAlign": "center",
              },
              Object {
                "color": "#07407b",
              },
            ]
          }
        >
          View Activity
        </Text>
      </View>
    </View>
  </View>
</View>
`;
